2025-12-08T10:11:14.5473389Z Current runner version: '2.329.0'
2025-12-08T10:11:14.5498587Z ##[group]Runner Image Provisioner
2025-12-08T10:11:14.5499412Z Hosted Compute Agent
2025-12-08T10:11:14.5500050Z Version: 20251124.448
2025-12-08T10:11:14.5500608Z Commit: fda5086b43ec66ade217e5fcd18146c879571177
2025-12-08T10:11:14.5501318Z Build Date: 2025-11-24T21:16:26Z
2025-12-08T10:11:14.5501968Z ##[endgroup]
2025-12-08T10:11:14.5502449Z ##[group]Operating System
2025-12-08T10:11:14.5502986Z Ubuntu
2025-12-08T10:11:14.5503488Z 24.04.3
2025-12-08T10:11:14.5504170Z LTS
2025-12-08T10:11:14.5504848Z ##[endgroup]
2025-12-08T10:11:14.5505556Z ##[group]Runner Image
2025-12-08T10:11:14.5506069Z Image: ubuntu-24.04
2025-12-08T10:11:14.5506574Z Version: 20251126.144.1
2025-12-08T10:11:14.5507652Z Included Software: https://github.com/actions/runner-images/blob/ubuntu24/20251126.144/images/ubuntu/Ubuntu2404-Readme.md
2025-12-08T10:11:14.5509222Z Image Release: https://github.com/actions/runner-images/releases/tag/ubuntu24%2F20251126.144
2025-12-08T10:11:14.5510334Z ##[endgroup]
2025-12-08T10:11:14.5512778Z ##[group]GITHUB_TOKEN Permissions
2025-12-08T10:11:14.5515268Z Actions: read
2025-12-08T10:11:14.5515842Z ArtifactMetadata: read
2025-12-08T10:11:14.5516340Z Attestations: read
2025-12-08T10:11:14.5516937Z Checks: read
2025-12-08T10:11:14.5517430Z Contents: read
2025-12-08T10:11:14.5517881Z Deployments: read
2025-12-08T10:11:14.5518451Z Discussions: read
2025-12-08T10:11:14.5518932Z Issues: read
2025-12-08T10:11:14.5519535Z Metadata: read
2025-12-08T10:11:14.5519965Z Models: read
2025-12-08T10:11:14.5520498Z Packages: read
2025-12-08T10:11:14.5520946Z Pages: read
2025-12-08T10:11:14.5521439Z PullRequests: read
2025-12-08T10:11:14.5521980Z RepositoryProjects: read
2025-12-08T10:11:14.5522630Z SecurityEvents: read
2025-12-08T10:11:14.5523129Z Statuses: read
2025-12-08T10:11:14.5523641Z ##[endgroup]
2025-12-08T10:11:14.5526063Z Secret source: None
2025-12-08T10:11:14.5527118Z Prepare workflow directory
2025-12-08T10:11:14.5904356Z Prepare all required actions
2025-12-08T10:11:14.5941079Z Getting action download info
2025-12-08T10:11:14.8938751Z Download action repository 'actions/checkout@v2' (SHA:ee0669bd1cc54295c223e0bb666b733df41de1c5)
2025-12-08T10:11:14.9955385Z Download action repository 'actions/setup-node@v3' (SHA:3235b876344d2a9aa001b8d1453c930bba69e610)
2025-12-08T10:11:15.2847182Z Complete job name: Validate Data
2025-12-08T10:11:15.3497097Z ##[group]Run actions/checkout@v2
2025-12-08T10:11:15.3497897Z with:
2025-12-08T10:11:15.3498464Z   token: ***
2025-12-08T10:11:15.3498845Z   submodules: true
2025-12-08T10:11:15.3499270Z   repository: cosmos/chain-registry
2025-12-08T10:11:15.3499771Z   ssh-strict: true
2025-12-08T10:11:15.3500173Z   persist-credentials: true
2025-12-08T10:11:15.3500621Z   clean: true
2025-12-08T10:11:15.3500988Z   fetch-depth: 1
2025-12-08T10:11:15.3501367Z   lfs: false
2025-12-08T10:11:15.3501737Z   set-safe-directory: true
2025-12-08T10:11:15.3502360Z ##[endgroup]
2025-12-08T10:11:15.4546909Z Syncing repository: cosmos/chain-registry
2025-12-08T10:11:15.4549950Z ##[group]Getting Git version info
2025-12-08T10:11:15.4551211Z Working directory is '/home/runner/work/chain-registry/chain-registry'
2025-12-08T10:11:15.4552312Z [command]/usr/bin/git version
2025-12-08T10:11:15.4621341Z git version 2.52.0
2025-12-08T10:11:15.4647229Z ##[endgroup]
2025-12-08T10:11:15.4663555Z Temporarily overriding HOME='/home/runner/work/_temp/bb669a20-901e-4f97-bea6-a060de984b9f' before making global git config changes
2025-12-08T10:11:15.4666110Z Adding repository directory to the temporary git global config as a safe directory
2025-12-08T10:11:15.4668237Z [command]/usr/bin/git config --global --add safe.directory /home/runner/work/chain-registry/chain-registry
2025-12-08T10:11:15.4708203Z Deleting the contents of '/home/runner/work/chain-registry/chain-registry'
2025-12-08T10:11:15.4712131Z ##[group]Initializing the repository
2025-12-08T10:11:15.4716329Z [command]/usr/bin/git init /home/runner/work/chain-registry/chain-registry
2025-12-08T10:11:15.4839138Z hint: Using 'master' as the name for the initial branch. This default branch name
2025-12-08T10:11:15.4840400Z hint: will change to "main" in Git 3.0. To configure the initial branch name
2025-12-08T10:11:15.4841293Z hint: to use in all of your new repositories, which will suppress this warning,
2025-12-08T10:11:15.4842173Z hint: call:
2025-12-08T10:11:15.4842850Z hint:
2025-12-08T10:11:15.4843497Z hint: 	git config --global init.defaultBranch <name>
2025-12-08T10:11:15.4844378Z hint:
2025-12-08T10:11:15.4844950Z hint: Names commonly chosen instead of 'master' are 'main', 'trunk' and
2025-12-08T10:11:15.4845826Z hint: 'development'. The just-created branch can be renamed via this command:
2025-12-08T10:11:15.4846510Z hint:
2025-12-08T10:11:15.4846872Z hint: 	git branch -m <name>
2025-12-08T10:11:15.4847297Z hint:
2025-12-08T10:11:15.4847875Z hint: Disable this message with "git config set advice.defaultBranchName false"
2025-12-08T10:11:15.4848903Z Initialized empty Git repository in /home/runner/work/chain-registry/chain-registry/.git/
2025-12-08T10:11:15.4852752Z [command]/usr/bin/git remote add origin https://github.com/cosmos/chain-registry
2025-12-08T10:11:15.4888007Z ##[endgroup]
2025-12-08T10:11:15.4889157Z ##[group]Disabling automatic garbage collection
2025-12-08T10:11:15.4890892Z [command]/usr/bin/git config --local gc.auto 0
2025-12-08T10:11:15.4919049Z ##[endgroup]
2025-12-08T10:11:15.4919816Z ##[group]Setting up auth
2025-12-08T10:11:15.4924923Z [command]/usr/bin/git config --local --name-only --get-regexp core\.sshCommand
2025-12-08T10:11:15.4952910Z [command]/usr/bin/git submodule foreach --recursive sh -c "git config --local --name-only --get-regexp 'core\.sshCommand' && git config --local --unset-all 'core.sshCommand' || :"
2025-12-08T10:11:15.5319296Z [command]/usr/bin/git config --local --name-only --get-regexp http\.https\:\/\/github\.com\/\.extraheader
2025-12-08T10:11:15.5348030Z [command]/usr/bin/git submodule foreach --recursive sh -c "git config --local --name-only --get-regexp 'http\.https\:\/\/github\.com\/\.extraheader' && git config --local --unset-all 'http.https://github.com/.extraheader' || :"
2025-12-08T10:11:15.5576681Z [command]/usr/bin/git config --local http.https://github.com/.extraheader AUTHORIZATION: basic ***
2025-12-08T10:11:15.5615944Z ##[endgroup]
2025-12-08T10:11:15.5617303Z ##[group]Fetching the repository
2025-12-08T10:11:15.5625950Z [command]/usr/bin/git -c protocol.version=2 fetch --no-tags --prune --progress --no-recurse-submodules --depth=1 origin +2a5f3de4a90e51c96fac02de1241d7445b64961e:refs/remotes/pull/7444/merge
2025-12-08T10:11:15.7347923Z remote: Enumerating objects: 4645, done.        
2025-12-08T10:11:15.7349980Z remote: Counting objects:   0% (1/4645)        
2025-12-08T10:11:15.7351470Z remote: Counting objects:   1% (47/4645)        
2025-12-08T10:11:15.7353059Z remote: Counting objects:   2% (93/4645)        
2025-12-08T10:11:15.7354746Z remote: Counting objects:   3% (140/4645)        
2025-12-08T10:11:15.7356180Z remote: Counting objects:   4% (186/4645)        
2025-12-08T10:11:15.7357424Z remote: Counting objects:   5% (233/4645)        
2025-12-08T10:11:15.7358103Z remote: Counting objects:   6% (279/4645)        
2025-12-08T10:11:15.7358788Z remote: Counting objects:   7% (326/4645)        
2025-12-08T10:11:15.7359425Z remote: Counting objects:   8% (372/4645)        
2025-12-08T10:11:15.7360092Z remote: Counting objects:   9% (419/4645)        
2025-12-08T10:11:15.7360858Z remote: Counting objects:  10% (465/4645)        
2025-12-08T10:11:15.7362015Z remote: Counting objects:  11% (511/4645)        
2025-12-08T10:11:15.7363190Z remote: Counting objects:  12% (558/4645)        
2025-12-08T10:11:15.7364563Z remote: Counting objects:  13% (604/4645)        
2025-12-08T10:11:15.7365668Z remote: Counting objects:  14% (651/4645)        
2025-12-08T10:11:15.7366462Z remote: Counting objects:  15% (697/4645)        
2025-12-08T10:11:15.7367274Z remote: Counting objects:  16% (744/4645)        
2025-12-08T10:11:15.7368360Z remote: Counting objects:  17% (790/4645)        
2025-12-08T10:11:15.7369733Z remote: Counting objects:  18% (837/4645)        
2025-12-08T10:11:15.7370470Z remote: Counting objects:  19% (883/4645)        
2025-12-08T10:11:15.7371305Z remote: Counting objects:  20% (929/4645)        
2025-12-08T10:11:15.7371884Z remote: Counting objects:  21% (976/4645)        
2025-12-08T10:11:15.7372501Z remote: Counting objects:  22% (1022/4645)        
2025-12-08T10:11:15.7373111Z remote: Counting objects:  23% (1069/4645)        
2025-12-08T10:11:15.7373709Z remote: Counting objects:  24% (1115/4645)        
2025-12-08T10:11:15.7374579Z remote: Counting objects:  25% (1162/4645)        
2025-12-08T10:11:15.7375170Z remote: Counting objects:  26% (1208/4645)        
2025-12-08T10:11:15.7375760Z remote: Counting objects:  27% (1255/4645)        
2025-12-08T10:11:15.7376332Z remote: Counting objects:  28% (1301/4645)        
2025-12-08T10:11:15.7376925Z remote: Counting objects:  29% (1348/4645)        
2025-12-08T10:11:15.7377512Z remote: Counting objects:  30% (1394/4645)        
2025-12-08T10:11:15.7378097Z remote: Counting objects:  31% (1440/4645)        
2025-12-08T10:11:15.7378682Z remote: Counting objects:  32% (1487/4645)        
2025-12-08T10:11:15.7379260Z remote: Counting objects:  33% (1533/4645)        
2025-12-08T10:11:15.7379836Z remote: Counting objects:  34% (1580/4645)        
2025-12-08T10:11:15.7380417Z remote: Counting objects:  35% (1626/4645)        
2025-12-08T10:11:15.7381177Z remote: Counting objects:  36% (1673/4645)        
2025-12-08T10:11:15.7381905Z remote: Counting objects:  37% (1719/4645)        
2025-12-08T10:11:15.7382798Z remote: Counting objects:  38% (1766/4645)        
2025-12-08T10:11:15.7383380Z remote: Counting objects:  39% (1812/4645)        
2025-12-08T10:11:15.7384166Z remote: Counting objects:  40% (1858/4645)        
2025-12-08T10:11:15.7384791Z remote: Counting objects:  41% (1905/4645)        
2025-12-08T10:11:15.7385367Z remote: Counting objects:  42% (1951/4645)        
2025-12-08T10:11:15.7385945Z remote: Counting objects:  43% (1998/4645)        
2025-12-08T10:11:15.7386532Z remote: Counting objects:  44% (2044/4645)        
2025-12-08T10:11:15.7387113Z remote: Counting objects:  45% (2091/4645)        
2025-12-08T10:11:15.7387712Z remote: Counting objects:  46% (2137/4645)        
2025-12-08T10:11:15.7392318Z remote: Counting objects:  47% (2184/4645)        
2025-12-08T10:11:15.7393374Z remote: Counting objects:  48% (2230/4645)        
2025-12-08T10:11:15.7394202Z remote: Counting objects:  49% (2277/4645)        
2025-12-08T10:11:15.7394802Z remote: Counting objects:  50% (2323/4645)        
2025-12-08T10:11:15.7395388Z remote: Counting objects:  51% (2369/4645)        
2025-12-08T10:11:15.7395992Z remote: Counting objects:  52% (2416/4645)        
2025-12-08T10:11:15.7396570Z remote: Counting objects:  53% (2462/4645)        
2025-12-08T10:11:15.7397139Z remote: Counting objects:  54% (2509/4645)        
2025-12-08T10:11:15.7397721Z remote: Counting objects:  55% (2555/4645)        
2025-12-08T10:11:15.7398319Z remote: Counting objects:  56% (2602/4645)        
2025-12-08T10:11:15.7398885Z remote: Counting objects:  57% (2648/4645)        
2025-12-08T10:11:15.7399544Z remote: Counting objects:  58% (2695/4645)        
2025-12-08T10:11:15.7400116Z remote: Counting objects:  59% (2741/4645)        
2025-12-08T10:11:15.7400704Z remote: Counting objects:  60% (2787/4645)        
2025-12-08T10:11:15.7401341Z remote: Counting objects:  61% (2834/4645)        
2025-12-08T10:11:15.7402525Z remote: Counting objects:  62% (2880/4645)        
2025-12-08T10:11:15.7403489Z remote: Counting objects:  63% (2927/4645)        
2025-12-08T10:11:15.7404351Z remote: Counting objects:  64% (2973/4645)        
2025-12-08T10:11:15.7404980Z remote: Counting objects:  65% (3020/4645)        
2025-12-08T10:11:15.7405566Z remote: Counting objects:  66% (3066/4645)        
2025-12-08T10:11:15.7406140Z remote: Counting objects:  67% (3113/4645)        
2025-12-08T10:11:15.7406721Z remote: Counting objects:  68% (3159/4645)        
2025-12-08T10:11:15.7407479Z remote: Counting objects:  69% (3206/4645)        
2025-12-08T10:11:15.7408052Z remote: Counting objects:  70% (3252/4645)        
2025-12-08T10:11:15.7408659Z remote: Counting objects:  71% (3298/4645)        
2025-12-08T10:11:15.7409274Z remote: Counting objects:  72% (3345/4645)        
2025-12-08T10:11:15.7410281Z remote: Counting objects:  73% (3391/4645)        
2025-12-08T10:11:15.7411253Z remote: Counting objects:  74% (3438/4645)        
2025-12-08T10:11:15.7412080Z remote: Counting objects:  75% (3484/4645)        
2025-12-08T10:11:15.7412648Z remote: Counting objects:  76% (3531/4645)        
2025-12-08T10:11:15.7413226Z remote: Counting objects:  77% (3577/4645)        
2025-12-08T10:11:15.7413820Z remote: Counting objects:  78% (3624/4645)        
2025-12-08T10:11:15.7414650Z remote: Counting objects:  79% (3670/4645)        
2025-12-08T10:11:15.7415246Z remote: Counting objects:  80% (3716/4645)        
2025-12-08T10:11:15.7415826Z remote: Counting objects:  81% (3763/4645)        
2025-12-08T10:11:15.7416413Z remote: Counting objects:  82% (3809/4645)        
2025-12-08T10:11:15.7417011Z remote: Counting objects:  83% (3856/4645)        
2025-12-08T10:11:15.7417586Z remote: Counting objects:  84% (3902/4645)        
2025-12-08T10:11:15.7418150Z remote: Counting objects:  85% (3949/4645)        
2025-12-08T10:11:15.7418730Z remote: Counting objects:  86% (3995/4645)        
2025-12-08T10:11:15.7419302Z remote: Counting objects:  87% (4042/4645)        
2025-12-08T10:11:15.7419878Z remote: Counting objects:  88% (4088/4645)        
2025-12-08T10:11:15.7420501Z remote: Counting objects:  89% (4135/4645)        
2025-12-08T10:11:15.7421072Z remote: Counting objects:  90% (4181/4645)        
2025-12-08T10:11:15.7421640Z remote: Counting objects:  91% (4227/4645)        
2025-12-08T10:11:15.7422206Z remote: Counting objects:  92% (4274/4645)        
2025-12-08T10:11:15.7422772Z remote: Counting objects:  93% (4320/4645)        
2025-12-08T10:11:15.7423555Z remote: Counting objects:  94% (4367/4645)        
2025-12-08T10:11:15.7424656Z remote: Counting objects:  95% (4413/4645)        
2025-12-08T10:11:15.7425431Z remote: Counting objects:  96% (4460/4645)        
2025-12-08T10:11:15.7426000Z remote: Counting objects:  97% (4506/4645)        
2025-12-08T10:11:15.7426611Z remote: Counting objects:  98% (4553/4645)        
2025-12-08T10:11:15.7427326Z remote: Counting objects:  99% (4599/4645)        
2025-12-08T10:11:15.7427909Z remote: Counting objects: 100% (4645/4645)        
2025-12-08T10:11:15.7428517Z remote: Counting objects: 100% (4645/4645), done.        
2025-12-08T10:11:15.7444539Z remote: Compressing objects:   0% (1/3498)        
2025-12-08T10:11:15.8286706Z remote: Compressing objects:   1% (35/3498)        
2025-12-08T10:11:15.8500296Z remote: Compressing objects:   2% (70/3498)        
2025-12-08T10:11:15.8586135Z remote: Compressing objects:   3% (105/3498)        
2025-12-08T10:11:15.8651809Z remote: Compressing objects:   4% (140/3498)        
2025-12-08T10:11:15.8703124Z remote: Compressing objects:   5% (175/3498)        
2025-12-08T10:11:15.8778336Z remote: Compressing objects:   6% (210/3498)        
2025-12-08T10:11:15.8779543Z remote: Compressing objects:   7% (245/3498)        
2025-12-08T10:11:15.8833089Z remote: Compressing objects:   8% (280/3498)        
2025-12-08T10:11:15.8914327Z remote: Compressing objects:   9% (315/3498)        
2025-12-08T10:11:15.8931870Z remote: Compressing objects:  10% (350/3498)        
2025-12-08T10:11:15.9066209Z remote: Compressing objects:  11% (385/3498)        
2025-12-08T10:11:15.9111083Z remote: Compressing objects:  12% (420/3498)        
2025-12-08T10:11:15.9128138Z remote: Compressing objects:  13% (455/3498)        
2025-12-08T10:11:15.9144199Z remote: Compressing objects:  14% (490/3498)        
2025-12-08T10:11:15.9156150Z remote: Compressing objects:  15% (525/3498)        
2025-12-08T10:11:15.9166114Z remote: Compressing objects:  16% (560/3498)        
2025-12-08T10:11:15.9176470Z remote: Compressing objects:  17% (595/3498)        
2025-12-08T10:11:15.9235136Z remote: Compressing objects:  18% (630/3498)        
2025-12-08T10:11:15.9409592Z remote: Compressing objects:  19% (665/3498)        
2025-12-08T10:11:15.9576775Z remote: Compressing objects:  20% (700/3498)        
2025-12-08T10:11:15.9626754Z remote: Compressing objects:  21% (735/3498)        
2025-12-08T10:11:15.9722168Z remote: Compressing objects:  22% (770/3498)        
2025-12-08T10:11:15.9886089Z remote: Compressing objects:  23% (805/3498)        
2025-12-08T10:11:16.0088876Z remote: Compressing objects:  24% (840/3498)        
2025-12-08T10:11:16.0316758Z remote: Compressing objects:  25% (875/3498)        
2025-12-08T10:11:16.0391273Z remote: Compressing objects:  26% (910/3498)        
2025-12-08T10:11:16.0401787Z remote: Compressing objects:  27% (945/3498)        
2025-12-08T10:11:16.0413682Z remote: Compressing objects:  28% (980/3498)        
2025-12-08T10:11:16.0425541Z remote: Compressing objects:  29% (1015/3498)        
2025-12-08T10:11:16.0435318Z remote: Compressing objects:  30% (1050/3498)        
2025-12-08T10:11:16.0448727Z remote: Compressing objects:  31% (1085/3498)        
2025-12-08T10:11:16.0465360Z remote: Compressing objects:  32% (1120/3498)        
2025-12-08T10:11:16.0489588Z remote: Compressing objects:  33% (1155/3498)        
2025-12-08T10:11:16.0498362Z remote: Compressing objects:  34% (1190/3498)        
2025-12-08T10:11:16.0499888Z remote: Compressing objects:  35% (1225/3498)        
2025-12-08T10:11:16.0503811Z remote: Compressing objects:  36% (1260/3498)        
2025-12-08T10:11:16.0506521Z remote: Compressing objects:  37% (1295/3498)        
2025-12-08T10:11:16.0525436Z remote: Compressing objects:  38% (1330/3498)        
2025-12-08T10:11:16.0530487Z remote: Compressing objects:  39% (1365/3498)        
2025-12-08T10:11:16.0546546Z remote: Compressing objects:  40% (1400/3498)        
2025-12-08T10:11:16.0563425Z remote: Compressing objects:  41% (1435/3498)        
2025-12-08T10:11:16.0566427Z remote: Compressing objects:  42% (1470/3498)        
2025-12-08T10:11:16.0575680Z remote: Compressing objects:  43% (1505/3498)        
2025-12-08T10:11:16.0577302Z remote: Compressing objects:  44% (1540/3498)        
2025-12-08T10:11:16.0585944Z remote: Compressing objects:  45% (1575/3498)        
2025-12-08T10:11:16.0601657Z remote: Compressing objects:  46% (1610/3498)        
2025-12-08T10:11:16.0611199Z remote: Compressing objects:  47% (1645/3498)        
2025-12-08T10:11:16.0616052Z remote: Compressing objects:  48% (1680/3498)        
2025-12-08T10:11:16.0618085Z remote: Compressing objects:  49% (1715/3498)        
2025-12-08T10:11:16.0619558Z remote: Compressing objects:  50% (1749/3498)        
2025-12-08T10:11:16.0621085Z remote: Compressing objects:  51% (1784/3498)        
2025-12-08T10:11:16.0622569Z remote: Compressing objects:  52% (1819/3498)        
2025-12-08T10:11:16.0624273Z remote: Compressing objects:  53% (1854/3498)        
2025-12-08T10:11:16.0625718Z remote: Compressing objects:  54% (1889/3498)        
2025-12-08T10:11:16.0627152Z remote: Compressing objects:  55% (1924/3498)        
2025-12-08T10:11:16.0628561Z remote: Compressing objects:  56% (1959/3498)        
2025-12-08T10:11:16.0629931Z remote: Compressing objects:  57% (1994/3498)        
2025-12-08T10:11:16.0631194Z remote: Compressing objects:  58% (2029/3498)        
2025-12-08T10:11:16.0632455Z remote: Compressing objects:  59% (2064/3498)        
2025-12-08T10:11:16.0633718Z remote: Compressing objects:  60% (2099/3498)        
2025-12-08T10:11:16.0660090Z remote: Compressing objects:  61% (2134/3498)        
2025-12-08T10:11:16.0662308Z remote: Compressing objects:  62% (2169/3498)        
2025-12-08T10:11:16.0663623Z remote: Compressing objects:  63% (2204/3498)        
2025-12-08T10:11:16.0665180Z remote: Compressing objects:  64% (2239/3498)        
2025-12-08T10:11:16.0666438Z remote: Compressing objects:  65% (2274/3498)        
2025-12-08T10:11:16.0667688Z remote: Compressing objects:  66% (2309/3498)        
2025-12-08T10:11:16.0669171Z remote: Compressing objects:  67% (2344/3498)        
2025-12-08T10:11:16.0670416Z remote: Compressing objects:  68% (2379/3498)        
2025-12-08T10:11:16.0671662Z remote: Compressing objects:  69% (2414/3498)        
2025-12-08T10:11:16.0672928Z remote: Compressing objects:  70% (2449/3498)        
2025-12-08T10:11:16.0674387Z remote: Compressing objects:  71% (2484/3498)        
2025-12-08T10:11:16.0675644Z remote: Compressing objects:  72% (2519/3498)        
2025-12-08T10:11:16.0676862Z remote: Compressing objects:  73% (2554/3498)        
2025-12-08T10:11:16.0678077Z remote: Compressing objects:  74% (2589/3498)        
2025-12-08T10:11:16.0679306Z remote: Compressing objects:  75% (2624/3498)        
2025-12-08T10:11:16.0680553Z remote: Compressing objects:  76% (2659/3498)        
2025-12-08T10:11:16.0681773Z remote: Compressing objects:  77% (2694/3498)        
2025-12-08T10:11:16.0682987Z remote: Compressing objects:  78% (2729/3498)        
2025-12-08T10:11:16.0684307Z remote: Compressing objects:  79% (2764/3498)        
2025-12-08T10:11:16.0778309Z remote: Compressing objects:  80% (2799/3498)        
2025-12-08T10:11:16.0780166Z remote: Compressing objects:  81% (2834/3498)        
2025-12-08T10:11:16.0781299Z remote: Compressing objects:  82% (2869/3498)        
2025-12-08T10:11:16.0784988Z remote: Compressing objects:  83% (2904/3498)        
2025-12-08T10:11:16.0785941Z remote: Compressing objects:  84% (2939/3498)        
2025-12-08T10:11:16.0786863Z remote: Compressing objects:  85% (2974/3498)        
2025-12-08T10:11:16.0787811Z remote: Compressing objects:  86% (3009/3498)        
2025-12-08T10:11:16.0788487Z remote: Compressing objects:  87% (3044/3498)        
2025-12-08T10:11:16.0789409Z remote: Compressing objects:  88% (3079/3498)        
2025-12-08T10:11:16.0790086Z remote: Compressing objects:  89% (3114/3498)        
2025-12-08T10:11:16.0790991Z remote: Compressing objects:  90% (3149/3498)        
2025-12-08T10:11:16.0791579Z remote: Compressing objects:  91% (3184/3498)        
2025-12-08T10:11:16.0792956Z remote: Compressing objects:  92% (3219/3498)        
2025-12-08T10:11:16.0795295Z remote: Compressing objects:  93% (3254/3498)        
2025-12-08T10:11:16.0796770Z remote: Compressing objects:  94% (3289/3498)        
2025-12-08T10:11:16.0809591Z remote: Compressing objects:  95% (3324/3498)        
2025-12-08T10:11:16.0810812Z remote: Compressing objects:  96% (3359/3498)        
2025-12-08T10:11:16.0811943Z remote: Compressing objects:  97% (3394/3498)        
2025-12-08T10:11:16.0813519Z remote: Compressing objects:  98% (3429/3498)        
2025-12-08T10:11:16.0815053Z remote: Compressing objects:  99% (3464/3498)        
2025-12-08T10:11:16.0815997Z remote: Compressing objects: 100% (3498/3498)        
2025-12-08T10:11:16.0816950Z remote: Compressing objects: 100% (3498/3498), done.        
2025-12-08T10:11:16.0930223Z Receiving objects:   0% (1/4645)
2025-12-08T10:11:16.0935846Z Receiving objects:   1% (47/4645)
2025-12-08T10:11:16.0937985Z Receiving objects:   2% (93/4645)
2025-12-08T10:11:16.0939657Z Receiving objects:   3% (140/4645)
2025-12-08T10:11:16.0940354Z Receiving objects:   4% (186/4645)
2025-12-08T10:11:16.0944472Z Receiving objects:   5% (233/4645)
2025-12-08T10:11:16.0945986Z Receiving objects:   6% (279/4645)
2025-12-08T10:11:16.0947376Z Receiving objects:   7% (326/4645)
2025-12-08T10:11:16.0948759Z Receiving objects:   8% (372/4645)
2025-12-08T10:11:16.0949961Z Receiving objects:   9% (419/4645)
2025-12-08T10:11:16.0950635Z Receiving objects:  10% (465/4645)
2025-12-08T10:11:16.0951145Z Receiving objects:  11% (511/4645)
2025-12-08T10:11:16.0951651Z Receiving objects:  12% (558/4645)
2025-12-08T10:11:16.0952794Z Receiving objects:  13% (604/4645)
2025-12-08T10:11:16.0953366Z Receiving objects:  14% (651/4645)
2025-12-08T10:11:16.0953864Z Receiving objects:  15% (697/4645)
2025-12-08T10:11:16.0954565Z Receiving objects:  16% (744/4645)
2025-12-08T10:11:16.0995629Z Receiving objects:  17% (790/4645)
2025-12-08T10:11:16.1060738Z Receiving objects:  18% (837/4645)
2025-12-08T10:11:16.1186335Z Receiving objects:  19% (883/4645)
2025-12-08T10:11:16.1303702Z Receiving objects:  20% (929/4645)
2025-12-08T10:11:16.1337252Z Receiving objects:  21% (976/4645)
2025-12-08T10:11:16.1367992Z Receiving objects:  22% (1022/4645)
2025-12-08T10:11:16.1581752Z Receiving objects:  23% (1069/4645)
2025-12-08T10:11:16.1602762Z Receiving objects:  24% (1115/4645)
2025-12-08T10:11:16.1647484Z Receiving objects:  25% (1162/4645)
2025-12-08T10:11:16.1691826Z Receiving objects:  26% (1208/4645)
2025-12-08T10:11:16.1743654Z Receiving objects:  27% (1255/4645)
2025-12-08T10:11:16.1870408Z Receiving objects:  28% (1301/4645)
2025-12-08T10:11:16.1928320Z Receiving objects:  29% (1348/4645)
2025-12-08T10:11:16.2040201Z Receiving objects:  30% (1394/4645)
2025-12-08T10:11:16.2089980Z Receiving objects:  31% (1440/4645)
2025-12-08T10:11:16.2168547Z Receiving objects:  32% (1487/4645)
2025-12-08T10:11:16.2320646Z Receiving objects:  33% (1533/4645)
2025-12-08T10:11:16.2391442Z Receiving objects:  34% (1580/4645)
2025-12-08T10:11:16.2512611Z Receiving objects:  35% (1626/4645)
2025-12-08T10:11:16.2562794Z Receiving objects:  36% (1673/4645)
2025-12-08T10:11:16.2671423Z Receiving objects:  37% (1719/4645)
2025-12-08T10:11:16.2758149Z Receiving objects:  38% (1766/4645)
2025-12-08T10:11:16.2800322Z Receiving objects:  39% (1812/4645)
2025-12-08T10:11:16.2872408Z Receiving objects:  40% (1858/4645)
2025-12-08T10:11:16.2942287Z Receiving objects:  41% (1905/4645)
2025-12-08T10:11:16.2978813Z Receiving objects:  42% (1951/4645)
2025-12-08T10:11:16.3279023Z Receiving objects:  43% (1998/4645)
2025-12-08T10:11:16.3499742Z Receiving objects:  44% (2044/4645)
2025-12-08T10:11:16.3709678Z Receiving objects:  45% (2091/4645)
2025-12-08T10:11:16.4417861Z Receiving objects:  46% (2137/4645)
2025-12-08T10:11:16.4686575Z Receiving objects:  47% (2184/4645)
2025-12-08T10:11:16.4745167Z Receiving objects:  48% (2230/4645)
2025-12-08T10:11:16.4909807Z Receiving objects:  49% (2277/4645)
2025-12-08T10:11:16.4946377Z Receiving objects:  50% (2323/4645)
2025-12-08T10:11:16.5036911Z Receiving objects:  51% (2369/4645)
2025-12-08T10:11:16.5140310Z Receiving objects:  52% (2416/4645)
2025-12-08T10:11:16.5243535Z Receiving objects:  53% (2462/4645)
2025-12-08T10:11:16.5542056Z Receiving objects:  54% (2509/4645)
2025-12-08T10:11:16.5657102Z Receiving objects:  55% (2555/4645)
2025-12-08T10:11:16.5716758Z Receiving objects:  56% (2602/4645)
2025-12-08T10:11:16.5793123Z Receiving objects:  57% (2648/4645)
2025-12-08T10:11:16.6003888Z Receiving objects:  58% (2695/4645)
2025-12-08T10:11:16.6529777Z Receiving objects:  59% (2741/4645), 32.45 MiB | 64.89 MiB/s
2025-12-08T10:11:16.6705823Z Receiving objects:  60% (2787/4645), 32.45 MiB | 64.89 MiB/s
2025-12-08T10:11:16.6776234Z Receiving objects:  61% (2834/4645), 32.45 MiB | 64.89 MiB/s
2025-12-08T10:11:16.6857041Z Receiving objects:  62% (2880/4645), 32.45 MiB | 64.89 MiB/s
2025-12-08T10:11:16.7235141Z Receiving objects:  63% (2927/4645), 32.45 MiB | 64.89 MiB/s
2025-12-08T10:11:16.7290268Z Receiving objects:  64% (2973/4645), 32.45 MiB | 64.89 MiB/s
2025-12-08T10:11:16.7338896Z Receiving objects:  65% (3020/4645), 32.45 MiB | 64.89 MiB/s
2025-12-08T10:11:16.7389609Z Receiving objects:  66% (3066/4645), 32.45 MiB | 64.89 MiB/s
2025-12-08T10:11:16.7502145Z Receiving objects:  67% (3113/4645), 32.45 MiB | 64.89 MiB/s
2025-12-08T10:11:16.7525628Z Receiving objects:  68% (3159/4645), 32.45 MiB | 64.89 MiB/s
2025-12-08T10:11:16.7690169Z Receiving objects:  69% (3206/4645), 32.45 MiB | 64.89 MiB/s
2025-12-08T10:11:16.7741145Z Receiving objects:  70% (3252/4645), 32.45 MiB | 64.89 MiB/s
2025-12-08T10:11:16.7929516Z Receiving objects:  71% (3298/4645), 32.45 MiB | 64.89 MiB/s
2025-12-08T10:11:16.8055395Z Receiving objects:  72% (3345/4645), 32.45 MiB | 64.89 MiB/s
2025-12-08T10:11:16.8115612Z Receiving objects:  73% (3391/4645), 32.45 MiB | 64.89 MiB/s
2025-12-08T10:11:16.8198822Z Receiving objects:  74% (3438/4645), 32.45 MiB | 64.89 MiB/s
2025-12-08T10:11:16.8285335Z Receiving objects:  75% (3484/4645), 32.45 MiB | 64.89 MiB/s
2025-12-08T10:11:16.8364654Z Receiving objects:  76% (3531/4645), 32.45 MiB | 64.89 MiB/s
2025-12-08T10:11:16.8700409Z Receiving objects:  77% (3577/4645), 32.45 MiB | 64.89 MiB/s
2025-12-08T10:11:16.8909421Z Receiving objects:  78% (3624/4645), 32.45 MiB | 64.89 MiB/s
2025-12-08T10:11:16.8910368Z Receiving objects:  79% (3670/4645), 32.45 MiB | 64.89 MiB/s
2025-12-08T10:11:16.8911340Z Receiving objects:  80% (3716/4645), 32.45 MiB | 64.89 MiB/s
2025-12-08T10:11:16.8916727Z Receiving objects:  81% (3763/4645), 32.45 MiB | 64.89 MiB/s
2025-12-08T10:11:16.8952606Z Receiving objects:  82% (3809/4645), 32.45 MiB | 64.89 MiB/s
2025-12-08T10:11:16.8972600Z Receiving objects:  83% (3856/4645), 32.45 MiB | 64.89 MiB/s
2025-12-08T10:11:16.9005718Z Receiving objects:  84% (3902/4645), 32.45 MiB | 64.89 MiB/s
2025-12-08T10:11:16.9009114Z Receiving objects:  85% (3949/4645), 32.45 MiB | 64.89 MiB/s
2025-12-08T10:11:16.9018148Z Receiving objects:  86% (3995/4645), 32.45 MiB | 64.89 MiB/s
2025-12-08T10:11:16.9030427Z Receiving objects:  87% (4042/4645), 32.45 MiB | 64.89 MiB/s
2025-12-08T10:11:16.9065442Z Receiving objects:  88% (4088/4645), 32.45 MiB | 64.89 MiB/s
2025-12-08T10:11:16.9071369Z Receiving objects:  89% (4135/4645), 32.45 MiB | 64.89 MiB/s
2025-12-08T10:11:16.9106940Z Receiving objects:  90% (4181/4645), 32.45 MiB | 64.89 MiB/s
2025-12-08T10:11:16.9142019Z Receiving objects:  91% (4227/4645), 32.45 MiB | 64.89 MiB/s
2025-12-08T10:11:16.9158655Z Receiving objects:  92% (4274/4645), 32.45 MiB | 64.89 MiB/s
2025-12-08T10:11:16.9190100Z Receiving objects:  93% (4320/4645), 32.45 MiB | 64.89 MiB/s
2025-12-08T10:11:16.9220397Z Receiving objects:  94% (4367/4645), 32.45 MiB | 64.89 MiB/s
2025-12-08T10:11:16.9240188Z Receiving objects:  95% (4413/4645), 32.45 MiB | 64.89 MiB/s
2025-12-08T10:11:16.9352414Z Receiving objects:  96% (4460/4645), 32.45 MiB | 64.89 MiB/s
2025-12-08T10:11:16.9466562Z Receiving objects:  97% (4506/4645), 32.45 MiB | 64.89 MiB/s
2025-12-08T10:11:16.9544765Z Receiving objects:  98% (4553/4645), 32.45 MiB | 64.89 MiB/s
2025-12-08T10:11:16.9585378Z Receiving objects:  99% (4599/4645), 32.45 MiB | 64.89 MiB/s
2025-12-08T10:11:16.9586218Z remote: Total 4645 (delta 2080), reused 3205 (delta 1039), pack-reused 0 (from 0)        
2025-12-08T10:11:16.9594931Z Receiving objects: 100% (4645/4645), 32.45 MiB | 64.89 MiB/s
2025-12-08T10:11:16.9597144Z Receiving objects: 100% (4645/4645), 57.14 MiB | 65.31 MiB/s, done.
2025-12-08T10:11:16.9612571Z Resolving deltas:   0% (0/2080)
2025-12-08T10:11:16.9619812Z Resolving deltas:   1% (21/2080)
2025-12-08T10:11:16.9621931Z Resolving deltas:   2% (42/2080)
2025-12-08T10:11:16.9642040Z Resolving deltas:   3% (63/2080)
2025-12-08T10:11:16.9645175Z Resolving deltas:   4% (84/2080)
2025-12-08T10:11:16.9645811Z Resolving deltas:   5% (104/2080)
2025-12-08T10:11:16.9646656Z Resolving deltas:   6% (125/2080)
2025-12-08T10:11:16.9649771Z Resolving deltas:   7% (146/2080)
2025-12-08T10:11:16.9651058Z Resolving deltas:   8% (167/2080)
2025-12-08T10:11:16.9655362Z Resolving deltas:   9% (188/2080)
2025-12-08T10:11:16.9658546Z Resolving deltas:  10% (208/2080)
2025-12-08T10:11:16.9659759Z Resolving deltas:  11% (229/2080)
2025-12-08T10:11:16.9668570Z Resolving deltas:  12% (250/2080)
2025-12-08T10:11:16.9672382Z Resolving deltas:  13% (271/2080)
2025-12-08T10:11:16.9680625Z Resolving deltas:  14% (292/2080)
2025-12-08T10:11:16.9690525Z Resolving deltas:  15% (312/2080)
2025-12-08T10:11:16.9705625Z Resolving deltas:  16% (333/2080)
2025-12-08T10:11:16.9707508Z Resolving deltas:  17% (354/2080)
2025-12-08T10:11:16.9709611Z Resolving deltas:  18% (375/2080)
2025-12-08T10:11:16.9710050Z Resolving deltas:  19% (396/2080)
2025-12-08T10:11:16.9711985Z Resolving deltas:  20% (416/2080)
2025-12-08T10:11:16.9712429Z Resolving deltas:  21% (437/2080)
2025-12-08T10:11:16.9712846Z Resolving deltas:  22% (458/2080)
2025-12-08T10:11:16.9714875Z Resolving deltas:  23% (479/2080)
2025-12-08T10:11:16.9715296Z Resolving deltas:  24% (500/2080)
2025-12-08T10:11:16.9717227Z Resolving deltas:  25% (520/2080)
2025-12-08T10:11:16.9719609Z Resolving deltas:  26% (541/2080)
2025-12-08T10:11:16.9722119Z Resolving deltas:  27% (562/2080)
2025-12-08T10:11:16.9722557Z Resolving deltas:  28% (583/2080)
2025-12-08T10:11:16.9722971Z Resolving deltas:  29% (604/2080)
2025-12-08T10:11:16.9725386Z Resolving deltas:  30% (626/2080)
2025-12-08T10:11:16.9726091Z Resolving deltas:  31% (645/2080)
2025-12-08T10:11:16.9726766Z Resolving deltas:  32% (666/2080)
2025-12-08T10:11:16.9727353Z Resolving deltas:  33% (687/2080)
2025-12-08T10:11:16.9727781Z Resolving deltas:  34% (708/2080)
2025-12-08T10:11:16.9728168Z Resolving deltas:  35% (729/2080)
2025-12-08T10:11:16.9729320Z Resolving deltas:  36% (749/2080)
2025-12-08T10:11:16.9730141Z Resolving deltas:  37% (770/2080)
2025-12-08T10:11:16.9731249Z Resolving deltas:  38% (791/2080)
2025-12-08T10:11:16.9733409Z Resolving deltas:  39% (812/2080)
2025-12-08T10:11:16.9735124Z Resolving deltas:  40% (832/2080)
2025-12-08T10:11:16.9735902Z Resolving deltas:  41% (854/2080)
2025-12-08T10:11:16.9737469Z Resolving deltas:  42% (876/2080)
2025-12-08T10:11:16.9738552Z Resolving deltas:  43% (895/2080)
2025-12-08T10:11:16.9738945Z Resolving deltas:  44% (916/2080)
2025-12-08T10:11:16.9740127Z Resolving deltas:  45% (938/2080)
2025-12-08T10:11:16.9741551Z Resolving deltas:  46% (957/2080)
2025-12-08T10:11:16.9744765Z Resolving deltas:  47% (978/2080)
2025-12-08T10:11:16.9828021Z Resolving deltas:  48% (999/2080)
2025-12-08T10:11:16.9828579Z Resolving deltas:  49% (1020/2080)
2025-12-08T10:11:16.9832442Z Resolving deltas:  50% (1040/2080)
2025-12-08T10:11:16.9834214Z Resolving deltas:  51% (1061/2080)
2025-12-08T10:11:16.9837623Z Resolving deltas:  52% (1083/2080)
2025-12-08T10:11:16.9838455Z Resolving deltas:  53% (1103/2080)
2025-12-08T10:11:16.9839154Z Resolving deltas:  54% (1124/2080)
2025-12-08T10:11:16.9839594Z Resolving deltas:  55% (1144/2080)
2025-12-08T10:11:16.9839994Z Resolving deltas:  56% (1166/2080)
2025-12-08T10:11:16.9840381Z Resolving deltas:  57% (1186/2080)
2025-12-08T10:11:16.9840794Z Resolving deltas:  58% (1207/2080)
2025-12-08T10:11:16.9841180Z Resolving deltas:  59% (1228/2080)
2025-12-08T10:11:16.9841552Z Resolving deltas:  60% (1248/2080)
2025-12-08T10:11:16.9841927Z Resolving deltas:  61% (1269/2080)
2025-12-08T10:11:16.9842302Z Resolving deltas:  62% (1290/2080)
2025-12-08T10:11:16.9842986Z Resolving deltas:  63% (1311/2080)
2025-12-08T10:11:16.9843403Z Resolving deltas:  64% (1332/2080)
2025-12-08T10:11:16.9843824Z Resolving deltas:  65% (1352/2080)
2025-12-08T10:11:16.9844402Z Resolving deltas:  66% (1373/2080)
2025-12-08T10:11:16.9844803Z Resolving deltas:  67% (1394/2080)
2025-12-08T10:11:16.9845201Z Resolving deltas:  68% (1415/2080)
2025-12-08T10:11:16.9845585Z Resolving deltas:  69% (1436/2080)
2025-12-08T10:11:16.9846007Z Resolving deltas:  70% (1456/2080)
2025-12-08T10:11:16.9846405Z Resolving deltas:  71% (1477/2080)
2025-12-08T10:11:16.9846812Z Resolving deltas:  72% (1498/2080)
2025-12-08T10:11:16.9847237Z Resolving deltas:  73% (1519/2080)
2025-12-08T10:11:16.9847680Z Resolving deltas:  74% (1540/2080)
2025-12-08T10:11:16.9848071Z Resolving deltas:  75% (1560/2080)
2025-12-08T10:11:16.9848488Z Resolving deltas:  76% (1581/2080)
2025-12-08T10:11:16.9848921Z Resolving deltas:  77% (1602/2080)
2025-12-08T10:11:16.9849297Z Resolving deltas:  78% (1623/2080)
2025-12-08T10:11:16.9849692Z Resolving deltas:  79% (1644/2080)
2025-12-08T10:11:16.9850062Z Resolving deltas:  80% (1664/2080)
2025-12-08T10:11:16.9850435Z Resolving deltas:  81% (1686/2080)
2025-12-08T10:11:16.9850796Z Resolving deltas:  82% (1706/2080)
2025-12-08T10:11:16.9851176Z Resolving deltas:  83% (1727/2080)
2025-12-08T10:11:16.9851545Z Resolving deltas:  84% (1748/2080)
2025-12-08T10:11:16.9856724Z Resolving deltas:  85% (1768/2080)
2025-12-08T10:11:16.9860475Z Resolving deltas:  86% (1789/2080)
2025-12-08T10:11:16.9863813Z Resolving deltas:  87% (1811/2080)
2025-12-08T10:11:16.9865595Z Resolving deltas:  88% (1831/2080)
2025-12-08T10:11:16.9867651Z Resolving deltas:  89% (1852/2080)
2025-12-08T10:11:16.9877372Z Resolving deltas:  90% (1872/2080)
2025-12-08T10:11:16.9882984Z Resolving deltas:  91% (1893/2080)
2025-12-08T10:11:16.9891009Z Resolving deltas:  92% (1914/2080)
2025-12-08T10:11:16.9893836Z Resolving deltas:  93% (1935/2080)
2025-12-08T10:11:16.9899628Z Resolving deltas:  94% (1956/2080)
2025-12-08T10:11:16.9900611Z Resolving deltas:  95% (1976/2080)
2025-12-08T10:11:16.9902040Z Resolving deltas:  96% (1997/2080)
2025-12-08T10:11:16.9904451Z Resolving deltas:  97% (2018/2080)
2025-12-08T10:11:16.9917261Z Resolving deltas:  98% (2039/2080)
2025-12-08T10:11:16.9922430Z Resolving deltas:  99% (2060/2080)
2025-12-08T10:11:16.9923578Z Resolving deltas: 100% (2080/2080)
2025-12-08T10:11:16.9923859Z Resolving deltas: 100% (2080/2080), done.
2025-12-08T10:11:17.0226099Z From https://github.com/cosmos/chain-registry
2025-12-08T10:11:17.0259024Z  * [new ref]         2a5f3de4a90e51c96fac02de1241d7445b64961e -> pull/7444/merge
2025-12-08T10:11:17.0260048Z ##[endgroup]
2025-12-08T10:11:17.0260482Z ##[group]Determining the checkout info
2025-12-08T10:11:17.0261119Z ##[endgroup]
2025-12-08T10:11:17.0261451Z ##[group]Checking out the ref
2025-12-08T10:11:17.0265419Z [command]/usr/bin/git checkout --progress --force refs/remotes/pull/7444/merge
2025-12-08T10:11:17.4146043Z Note: switching to 'refs/remotes/pull/7444/merge'.
2025-12-08T10:11:17.4146481Z 
2025-12-08T10:11:17.4146803Z You are in 'detached HEAD' state. You can look around, make experimental
2025-12-08T10:11:17.4147546Z changes and commit them, and you can discard any commits you make in this
2025-12-08T10:11:17.4148254Z state without impacting any branches by switching back to a branch.
2025-12-08T10:11:17.4148687Z 
2025-12-08T10:11:17.4148955Z If you want to create a new branch to retain commits you create, you may
2025-12-08T10:11:17.4149618Z do so (now or later) by using -c with the switch command. Example:
2025-12-08T10:11:17.4149994Z 
2025-12-08T10:11:17.4150208Z   git switch -c <new-branch-name>
2025-12-08T10:11:17.4150485Z 
2025-12-08T10:11:17.4150624Z Or undo this operation with:
2025-12-08T10:11:17.4150874Z 
2025-12-08T10:11:17.4150992Z   git switch -
2025-12-08T10:11:17.4151165Z 
2025-12-08T10:11:17.4151487Z Turn off this advice by setting config variable advice.detachedHead to false
2025-12-08T10:11:17.4151972Z 
2025-12-08T10:11:17.4152809Z HEAD is now at 2a5f3de Merge e6af0cd882920f6d895a8cff99dfd9ff9ac46322 into dcb404baca5a4b9cbb9dc12dc1b23f9e4344e4a1
2025-12-08T10:11:17.4177212Z ##[endgroup]
2025-12-08T10:11:17.4177627Z ##[group]Setting up auth for fetching submodules
2025-12-08T10:11:17.4181848Z [command]/usr/bin/git config --global http.https://github.com/.extraheader AUTHORIZATION: basic ***
2025-12-08T10:11:17.4220060Z [command]/usr/bin/git config --global --unset-all url.https://github.com/.insteadOf
2025-12-08T10:11:17.4248258Z [command]/usr/bin/git config --global --add url.https://github.com/.insteadOf git@github.com:
2025-12-08T10:11:17.4277314Z [command]/usr/bin/git config --global --add url.https://github.com/.insteadOf org-228843@github.com:
2025-12-08T10:11:17.4304119Z ##[endgroup]
2025-12-08T10:11:17.4304628Z ##[group]Fetching submodules
2025-12-08T10:11:17.4306993Z [command]/usr/bin/git submodule sync
2025-12-08T10:11:17.4540718Z [command]/usr/bin/git -c protocol.version=2 submodule update --init --force --depth=1
2025-12-08T10:11:17.4766219Z [command]/usr/bin/git submodule foreach git config --local gc.auto 0
2025-12-08T10:11:17.4983519Z ##[endgroup]
2025-12-08T10:11:17.4984176Z ##[group]Persisting credentials for submodules
2025-12-08T10:11:17.4988948Z [command]/usr/bin/git submodule foreach --recursive sh -c "git config --local --name-only --get-regexp 'url\.https\:\/\/github\.com\/\.insteadOf' && git config --local --unset-all 'url.https://github.com/.insteadOf' || :"
2025-12-08T10:11:17.5212190Z [command]/usr/bin/git submodule foreach sh -c "git config --local 'http.https://github.com/.extraheader' 'AUTHORIZATION: basic ***' && git config --local --show-origin --name-only --get-regexp remote.origin.url"
2025-12-08T10:11:17.5437033Z [command]/usr/bin/git submodule foreach git config --local --add 'url.https://github.com/.insteadOf' 'git@github.com:'
2025-12-08T10:11:17.5661902Z [command]/usr/bin/git submodule foreach git config --local --add 'url.https://github.com/.insteadOf' 'org-228843@github.com:'
2025-12-08T10:11:17.5881625Z ##[endgroup]
2025-12-08T10:11:17.5916400Z [command]/usr/bin/git log -1 --format='%H'
2025-12-08T10:11:17.5938702Z '2a5f3de4a90e51c96fac02de1241d7445b64961e'
2025-12-08T10:11:17.6159475Z ##[group]Run actions/setup-node@v3
2025-12-08T10:11:17.6159728Z with:
2025-12-08T10:11:17.6159899Z   node-version: 19.6.0
2025-12-08T10:11:17.6160083Z   always-auth: false
2025-12-08T10:11:17.6160267Z   check-latest: false
2025-12-08T10:11:17.6160597Z   token: ***
2025-12-08T10:11:17.6160768Z ##[endgroup]
2025-12-08T10:11:17.8068295Z Attempting to download 19.6.0...
2025-12-08T10:11:18.1671544Z Not found in manifest. Falling back to download directly from Node
2025-12-08T10:11:18.2233151Z Acquiring 19.6.0 - x64 from https://nodejs.org/dist/v19.6.0/node-v19.6.0-linux-x64.tar.gz
2025-12-08T10:11:18.5199533Z Extracting ...
2025-12-08T10:11:18.5306492Z [command]/usr/bin/tar xz --strip 1 --warning=no-unknown-keyword -C /home/runner/work/_temp/343d31ae-83e4-4efc-a155-cb319a763a66 -f /home/runner/work/_temp/33dbd1e4-29a8-447f-9005-7b6199606bc7
2025-12-08T10:11:19.4716367Z Adding to the cache ...
2025-12-08T10:11:21.1048663Z Done
2025-12-08T10:11:21.1052715Z ##[group]Environment details
2025-12-08T10:11:21.4582029Z node: v19.6.0
2025-12-08T10:11:21.4582366Z npm: 9.4.0
2025-12-08T10:11:21.4583250Z yarn: 1.22.22
2025-12-08T10:11:21.4584577Z ##[endgroup]
2025-12-08T10:11:21.4745979Z ##[group]Run node validate_data.mjs
2025-12-08T10:11:21.4746324Z [36;1mnode validate_data.mjs[0m
2025-12-08T10:11:21.4785715Z shell: /usr/bin/bash --noprofile --norc -e -o pipefail {0}
2025-12-08T10:11:21.4786036Z ##[endgroup]
2025-12-08T10:11:21.5232813Z Including API calls (server mode)
2025-12-08T10:11:21.5233474Z Run with arg "NO_API" for local testing
2025-12-08T10:11:21.5234261Z > node validate_data.mjs NO_API
2025-12-08T10:11:31.8362850Z fetching CoinGecko data...
2025-12-08T10:11:33.1885090Z Some Image Sync References are invalid!: 1
2025-12-08T10:11:33.1886054Z Image Sync Pointer used for tstoctestnet, utstoc, but using image sync requires traces.
2025-12-08T10:11:33.1891075Z Some Image Sync References are invalid!: 1
2025-12-08T10:11:33.1891689Z Some SVGs may have an embedded raster image!: 1
2025-12-08T10:11:33.1893510Z SVG https://raw.githubusercontent.com/cosmos/chain-registry/master/stoc/images/stoc-logo.svg is larger (48365) than corresponding PNG (indicating likelihood of embedded raster images)!
2025-12-08T10:11:33.1895286Z Referenced at: [{"chain_name":"stoc","key":"0"},{"chain_name":"stoc","base_denom":"ustoc","key":"0"},{"chain_name":"tstoctestnet","key":"0"},{"chain_name":"tstoctestnet","base_denom":"utstoc","key":"0"}]
2025-12-08T10:11:33.1896032Z Some SVGs may have an embedded raster image!: 1
2025-12-08T10:11:33.1909103Z file:///home/runner/work/chain-registry/chain-registry/.github/workflows/utility/validate_data.mjs:2011
2025-12-08T10:11:33.1910123Z     throw new Error(`Some data is invalid! (See console logs)`);
2025-12-08T10:11:33.1910457Z           ^
2025-12-08T10:11:33.1910636Z 
2025-12-08T10:11:33.1910958Z Error: Some data is invalid! (See console logs)
2025-12-08T10:11:33.1911904Z     at reportErrors (file:///home/runner/work/chain-registry/chain-registry/.github/workflows/utility/validate_data.mjs:2011:11)
2025-12-08T10:11:33.1912794Z     at validateAll (file:///home/runner/work/chain-registry/chain-registry/.github/workflows/utility/validate_data.mjs:2439:3)
2025-12-08T10:11:33.1913637Z     at async main (file:///home/runner/work/chain-registry/chain-registry/.github/workflows/utility/validate_data.mjs:2452:3)
2025-12-08T10:11:33.1914329Z 
2025-12-08T10:11:33.1914425Z Node.js v19.6.0
2025-12-08T10:11:33.2015088Z ##[error]Process completed with exit code 1.
2025-12-08T10:11:33.2102050Z Post job cleanup.
2025-12-08T10:11:33.2975957Z [command]/usr/bin/git version
2025-12-08T10:11:33.3013519Z git version 2.52.0
2025-12-08T10:11:33.3058940Z Temporarily overriding HOME='/home/runner/work/_temp/f5637c88-8ec8-4641-84f5-8645cf8c9523' before making global git config changes
2025-12-08T10:11:33.3060429Z Adding repository directory to the temporary git global config as a safe directory
2025-12-08T10:11:33.3063458Z [command]/usr/bin/git config --global --add safe.directory /home/runner/work/chain-registry/chain-registry
2025-12-08T10:11:33.3096619Z [command]/usr/bin/git config --local --name-only --get-regexp core\.sshCommand
2025-12-08T10:11:33.3128353Z [command]/usr/bin/git submodule foreach --recursive sh -c "git config --local --name-only --get-regexp 'core\.sshCommand' && git config --local --unset-all 'core.sshCommand' || :"
2025-12-08T10:11:33.3351630Z [command]/usr/bin/git config --local --name-only --get-regexp http\.https\:\/\/github\.com\/\.extraheader
2025-12-08T10:11:33.3372724Z http.https://github.com/.extraheader
2025-12-08T10:11:33.3382970Z [command]/usr/bin/git config --local --unset-all http.https://github.com/.extraheader
2025-12-08T10:11:33.3412919Z [command]/usr/bin/git submodule foreach --recursive sh -c "git config --local --name-only --get-regexp 'http\.https\:\/\/github\.com\/\.extraheader' && git config --local --unset-all 'http.https://github.com/.extraheader' || :"
2025-12-08T10:11:33.3755806Z Cleaning up orphan processes
